../Drivers/CMSIS/Include/core_cm7.h:2606:26:ITM_SendChar	16	static,ignoring_inline_asm
../Core/Src/main.c:97:5:_write	32	static
../Core/Src/main.c:110:5:main	176	static
../Core/Src/main.c:215:6:SystemClock_Config	88	static
../Core/Src/main.c:267:13:MX_I2C1_Init	8	static
../Core/Src/main.c:315:13:MX_RTC_Init	32	static
../Core/Src/main.c:378:13:MX_USART3_UART_Init	8	static
../Core/Src/main.c:413:13:MX_USB_OTG_FS_PCD_Init	8	static
../Core/Src/main.c:448:13:MX_GPIO_Init	56	static
../Core/Src/main.c:527:6:StartDefaultTask	16	static
../Core/Src/main.c:547:6:StartInputTask	16	static
../Core/Src/main.c:567:6:Handle_MQTT	16	static
../Core/Src/main.c:587:6:NetworkTask_Cycle	16	static
../Core/Src/main.c:608:6:SaveFlashMemory	80	static
../Core/Src/main.c:638:6:MPU_Config	24	static
../Core/Src/main.c:673:6:HAL_TIM_PeriodElapsedCallback	16	static
../Core/Src/main.c:691:6:Error_Handler	4	static,ignoring_inline_asm
