../Drivers/CMSIS/Include/core_cm7.h:2606:26:ITM_SendChar	16	static,ignoring_inline_asm
../Core/Src/main.c:115:5:_write	32	static
../Core/Src/main.c:128:5:main	184	static
../Core/Src/main.c:241:6:SystemClock_Config	88	static
../Core/Src/main.c:293:13:MX_CRYP_Init	8	static
../Core/Src/main.c:327:13:MX_HASH_Init	8	static
../Core/Src/main.c:353:13:MX_I2C1_Init	8	static
../Core/Src/main.c:401:13:MX_RNG_Init	8	static
../Core/Src/main.c:427:13:MX_RTC_Init	32	static
../Core/Src/main.c:490:13:MX_USART3_UART_Init	8	static
../Core/Src/main.c:525:13:MX_USB_OTG_FS_PCD_Init	8	static
../Core/Src/main.c:560:13:MX_GPIO_Init	56	static
../Core/Src/main.c:639:6:StartDefaultTask	16	static
../Core/Src/main.c:657:6:StartInputTask	16	static
../Core/Src/main.c:677:6:Handle_MQTT	16	static
../Core/Src/main.c:697:6:NetworkTask_Cycle	16	static
../Core/Src/main.c:719:6:SaveFlashMemory	80	static
../Core/Src/main.c:749:6:MPU_Config	24	static
../Core/Src/main.c:784:6:HAL_TIM_PeriodElapsedCallback	16	static
../Core/Src/main.c:802:6:Error_Handler	4	static,ignoring_inline_asm
