../Drivers/STM32F7xx_HAL_Driver/Src/stm32f7xx_hal_cryp.c:432:19:HAL_CRYP_Init	16	static
../Drivers/STM32F7xx_HAL_Driver/Src/stm32f7xx_hal_cryp.c:507:19:HAL_CRYP_DeInit	16	static
../Drivers/STM32F7xx_HAL_Driver/Src/stm32f7xx_hal_cryp.c:560:19:HAL_CRYP_SetConfig	16	static
../Drivers/STM32F7xx_HAL_Driver/Src/stm32f7xx_hal_cryp.c:642:19:HAL_CRYP_GetConfig	16	static
../Drivers/STM32F7xx_HAL_Driver/Src/stm32f7xx_hal_cryp.c:696:13:HAL_CRYP_MspInit	16	static
../Drivers/STM32F7xx_HAL_Driver/Src/stm32f7xx_hal_cryp.c:712:13:HAL_CRYP_MspDeInit	16	static
../Drivers/STM32F7xx_HAL_Driver/Src/stm32f7xx_hal_cryp.c:948:19:HAL_CRYP_Encrypt	32	static
../Drivers/STM32F7xx_HAL_Driver/Src/stm32f7xx_hal_cryp.c:1121:19:HAL_CRYP_Decrypt	32	static
../Drivers/STM32F7xx_HAL_Driver/Src/stm32f7xx_hal_cryp.c:1294:19:HAL_CRYP_Encrypt_IT	32	static
../Drivers/STM32F7xx_HAL_Driver/Src/stm32f7xx_hal_cryp.c:1457:19:HAL_CRYP_Decrypt_IT	32	static
../Drivers/STM32F7xx_HAL_Driver/Src/stm32f7xx_hal_cryp.c:1624:19:HAL_CRYP_Encrypt_DMA	40	static
../Drivers/STM32F7xx_HAL_Driver/Src/stm32f7xx_hal_cryp.c:1857:19:HAL_CRYP_Decrypt_DMA	32	static
../Drivers/STM32F7xx_HAL_Driver/Src/stm32f7xx_hal_cryp.c:2038:6:HAL_CRYP_IRQHandler	24	static
../Drivers/STM32F7xx_HAL_Driver/Src/stm32f7xx_hal_cryp.c:2140:10:HAL_CRYP_GetError	16	static
../Drivers/STM32F7xx_HAL_Driver/Src/stm32f7xx_hal_cryp.c:2151:23:HAL_CRYP_GetState	16	static
../Drivers/STM32F7xx_HAL_Driver/Src/stm32f7xx_hal_cryp.c:2162:13:HAL_CRYP_InCpltCallback	16	static
../Drivers/STM32F7xx_HAL_Driver/Src/stm32f7xx_hal_cryp.c:2178:13:HAL_CRYP_OutCpltCallback	16	static
../Drivers/STM32F7xx_HAL_Driver/Src/stm32f7xx_hal_cryp.c:2194:13:HAL_CRYP_ErrorCallback	16	static
../Drivers/STM32F7xx_HAL_Driver/Src/stm32f7xx_hal_cryp.c:2221:26:CRYP_TDES_Process	40	static
../Drivers/STM32F7xx_HAL_Driver/Src/stm32f7xx_hal_cryp.c:2308:13:CRYP_TDES_IT	32	static
../Drivers/STM32F7xx_HAL_Driver/Src/stm32f7xx_hal_cryp.c:2406:26:CRYP_AES_Encrypt	24	static
../Drivers/STM32F7xx_HAL_Driver/Src/stm32f7xx_hal_cryp.c:2484:26:CRYP_AES_Encrypt_IT	24	static
../Drivers/STM32F7xx_HAL_Driver/Src/stm32f7xx_hal_cryp.c:2582:26:CRYP_AES_Decrypt	24	static
../Drivers/STM32F7xx_HAL_Driver/Src/stm32f7xx_hal_cryp.c:2733:26:CRYP_AES_Decrypt_IT	24	static
../Drivers/STM32F7xx_HAL_Driver/Src/stm32f7xx_hal_cryp.c:2917:26:CRYP_AES_Decrypt_DMA	24	static
../Drivers/STM32F7xx_HAL_Driver/Src/stm32f7xx_hal_cryp.c:3074:13:CRYP_DMAInCplt	24	static
../Drivers/STM32F7xx_HAL_Driver/Src/stm32f7xx_hal_cryp.c:3115:13:CRYP_DMAOutCplt	24	static
../Drivers/STM32F7xx_HAL_Driver/Src/stm32f7xx_hal_cryp.c:3164:13:CRYP_DMAError	24	static
../Drivers/STM32F7xx_HAL_Driver/Src/stm32f7xx_hal_cryp.c:3200:13:CRYP_SetDMAConfig	24	static
../Drivers/STM32F7xx_HAL_Driver/Src/stm32f7xx_hal_cryp.c:3313:13:CRYP_AES_ProcessData	40	static
../Drivers/STM32F7xx_HAL_Driver/Src/stm32f7xx_hal_cryp.c:3443:13:CRYP_AES_IT	40	static
../Drivers/STM32F7xx_HAL_Driver/Src/stm32f7xx_hal_cryp.c:3614:13:CRYP_SetKey	16	static
../Drivers/STM32F7xx_HAL_Driver/Src/stm32f7xx_hal_cryp.c:3682:26:CRYP_AESGCM_Process	32	static
../Drivers/STM32F7xx_HAL_Driver/Src/stm32f7xx_hal_cryp.c:3880:26:CRYP_AESGCM_Process_IT	24	static
../Drivers/STM32F7xx_HAL_Driver/Src/stm32f7xx_hal_cryp.c:4160:26:CRYP_AESGCM_Process_DMA	32	static
../Drivers/STM32F7xx_HAL_Driver/Src/stm32f7xx_hal_cryp.c:4340:26:CRYP_AESCCM_Process	112	static,ignoring_inline_asm
../Drivers/STM32F7xx_HAL_Driver/Src/stm32f7xx_hal_cryp.c:4769:26:CRYP_AESCCM_Process_IT	104	static,ignoring_inline_asm
../Drivers/STM32F7xx_HAL_Driver/Src/stm32f7xx_hal_cryp.c:4925:26:CRYP_AESCCM_Process_DMA	112	static,ignoring_inline_asm
../Drivers/STM32F7xx_HAL_Driver/Src/stm32f7xx_hal_cryp.c:5342:13:CRYP_GCMCCM_SetPayloadPhase_IT	48	static
../Drivers/STM32F7xx_HAL_Driver/Src/stm32f7xx_hal_cryp.c:5621:26:CRYP_GCMCCM_SetHeaderPhase	88	static
../Drivers/STM32F7xx_HAL_Driver/Src/stm32f7xx_hal_cryp.c:5925:26:CRYP_GCMCCM_SetHeaderPhase_DMA	88	static
../Drivers/STM32F7xx_HAL_Driver/Src/stm32f7xx_hal_cryp.c:6267:13:CRYP_GCMCCM_SetHeaderPhase_IT	88	static
../Drivers/STM32F7xx_HAL_Driver/Src/stm32f7xx_hal_cryp.c:6506:13:CRYP_Workaround	144	static,ignoring_inline_asm
../Drivers/STM32F7xx_HAL_Driver/Src/stm32f7xx_hal_cryp.c:7018:26:CRYP_WaitOnIFEMFlag	24	static
../Drivers/STM32F7xx_HAL_Driver/Src/stm32f7xx_hal_cryp.c:7046:26:CRYP_WaitOnBUSYFlag	24	static
../Drivers/STM32F7xx_HAL_Driver/Src/stm32f7xx_hal_cryp.c:7075:26:CRYP_WaitOnOFNEFlag	24	static
